// Jest Snapshot v1, https://goo.gl/fbAQLP

exports[`SettingsSegment matches a stable snapshot for the basic (no href) case 1`] = `
<div
  class="p-3 border rounded-sm"
>
  <div
    class="mb-2 text-2xl font-bold"
  >
    Snapshot Test
  </div>
  <div
    class=""
  >
    <button>
      Action
    </button>
  </div>
</div>
`;

exports[`SettingsSegment matches a stable snapshot for the linked (href) case 1`] = `
<div
  class="p-3 border rounded-sm"
>
  <a
    class="mb-2 text-2xl font-bold underline"
    href="/docs"
  >
    Linked Snapshot
  </a>
  <div
    class=""
  >
    <p>
      Some content
    </p>
  </div>
</div>
`;
