// Jest Snapshot v1, https://goo.gl/fbAQLP

exports[`SettingsSegment matches a stable snapshot for the basic (no href) case 1`] = `
<div
  class="rounded-lg bg-white dark:bg-zinc-900 border border-zinc-200 dark:border-zinc-800 shadow-sm p-6"
>
  <div
    class="mb-2 text-lg font-semibold"
  >
    Snapshot Test
  </div>
  <div>
    <button>
      Action
    </button>
  </div>
</div>
`;

exports[`SettingsSegment matches a stable snapshot for the linked (href) case 1`] = `
<div
  class="rounded-lg bg-white dark:bg-zinc-900 border border-zinc-200 dark:border-zinc-800 shadow-sm p-6"
>
  <a
    class="mb-2 text-lg font-semibold underline block"
    href="/docs"
    rel="noopener noreferrer"
    target="_blank"
  >
    Linked Snapshot
  </a>
  <div>
    <p>
      Some content
    </p>
  </div>
</div>
`;
